Test Results Summary:
Total Tests: 15
Passed: 15
Failed: 0

Detailed Results:
✓ text_identical_default
✓ text_different_range
✓ json_exact_match
✓ json_key_based_match
✓ binary_comparison
✓ multi_thread_comparison
✓ different_output_format
✓ auto_detect_filetype
✓ h5_comparison
✓ h5_comparison_all_tables
✓ h5_comparison_with_wrong_table
✓ h5_comparison_with_strucutre_mode
✓ h5_comparison_with_content_mode
✓ h5_comparison_with_content_mode
✓ h5_comparison_with_table_regex
